0 verbose cli /data/data/com.termux/files/usr/bin/node /data/data/com.termux/files/usr/bin/npm
1 info using npm@11.14.1
2 info using node@v26.1.0
3 silly config load:file:/data/data/com.termux/files/usr/lib/node_modules/npm/npmrc
4 silly config load:file:/data/data/com.termux/files/home/semana4/.npmrc
5 silly config load:file:/data/data/com.termux/files/home/.npmrc
6 silly config load:file:/data/data/com.termux/files/usr/etc/npmrc
7 verbose title npm init
8 verbose argv "init" "--yes"
9 verbose logfile logs-max:10 dir:/data/data/com.termux/files/home/.npm/_logs/2026-05-22T22_13_20_642Z-
10 verbose logfile /data/data/com.termux/files/home/.npm/_logs/2026-05-22T22_13_20_642Z-debug-0.log
11 silly logfile done cleaning log files
12 silly package data {
12 silly package data   name: 'semana4',
12 silly package data   version: '1.0.0',
12 silly package data   description: '',
12 silly package data   main: 'index.js',
12 silly package data   scripts: { test: 'echo "Error: no test specified" && exit 1' },
12 silly package data   keywords: [],
12 silly package data   author: '',
12 silly package data   license: 'ISC',
12 silly package data   type: 'commonjs'
12 silly package data }
13 verbose cwd /data/data/com.termux/files/home/semana4
14 verbose os Linux 6.6.66-android15-8-g9b6ad5b4b813-ab13433063-4k
15 verbose node v26.1.0
16 verbose npm  v11.14.1
17 verbose exit 0
18 info ok
